// Vitest Snapshot v1, https://vitest.dev/guide/snapshot.html

exports[`BuildInfo > matches snapshot 1`] = `
<div>
  <table
    aria-label="Build Info"
    class="MuiTable-root css-1xwxv7r-MuiTable-root"
  >
    <thead
      class="MuiTableHead-root css-1a7iywq-MuiTableHead-root"
    >
      <tr
        class="MuiTableRow-root MuiTableRow-head css-1xtozoh-MuiTableRow-root"
      >
        <th
          class="MuiTableCell-root MuiTableCell-head MuiTableCell-sizeMedium css-1orzuox-MuiTableCell-root"
          scope="col"
        >
          Name
        </th>
        <th
          class="MuiTableCell-root MuiTableCell-head MuiTableCell-sizeMedium css-1orzuox-MuiTableCell-root"
          scope="col"
        >
          Value
        </th>
      </tr>
    </thead>
    <tbody
      class="MuiTableBody-root css-gmh7jj-MuiTableBody-root"
    >
      <tr
        class="MuiTableRow-root css-1xtozoh-MuiTableRow-root"
      >
        <td
          class="MuiTableCell-root MuiTableCell-body MuiTableCell-sizeMedium css-1dc80h3-MuiTableCell-root"
        >
          Build Version
        </td>
        <td
          class="MuiTableCell-root MuiTableCell-body MuiTableCell-sizeMedium css-1dc80h3-MuiTableCell-root"
        >
          1.0.0
        </td>
      </tr>
    </tbody>
  </table>
</div>
`;
